
> react-typescript-starter@0.1.0 test
> react-scripts test

Browserslist: caniuse-lite is outdated. Please run:
  npx browserslist@latest --update-db
  Why you should do it regularly: https://github.com/browserslist/browserslist#browsers-data-updating
  console.error
    Warning: validateDOMNesting(...): <td> cannot appear as a child of <table>.
        at td
        at table
        at div
        at body
        at div
        at App (/home/runner/work/PokemonShinyGuide/PokemonShinyGuide/src/App.tsx:80:23)

      at printWarning (node_modules/react-dom/cjs/react-dom.development.js:67:30)
      at error (node_modules/react-dom/cjs/react-dom.development.js:43:5)
      at validateDOMNesting (node_modules/react-dom/cjs/react-dom.development.js:10081:7)
      at createInstance (node_modules/react-dom/cjs/react-dom.development.js:10181:5)
      at completeWork (node_modules/react-dom/cjs/react-dom.development.js:19464:28)
      at completeUnitOfWork (node_modules/react-dom/cjs/react-dom.development.js:22812:16)
      at performUnitOfWork (node_modules/react-dom/cjs/react-dom.development.js:22787:5)

  console.error
    Warning: validateDOMNesting(...): <hr> cannot appear as a descendant of <p>.
        at hr
        at p
        at td
        at table
        at div
        at body
        at div
        at App (/home/runner/work/PokemonShinyGuide/PokemonShinyGuide/src/App.tsx:80:23)

      at printWarning (node_modules/react-dom/cjs/react-dom.development.js:67:30)
      at error (node_modules/react-dom/cjs/react-dom.development.js:43:5)
      at validateDOMNesting (node_modules/react-dom/cjs/react-dom.development.js:10083:7)
      at createInstance (node_modules/react-dom/cjs/react-dom.development.js:10181:5)
      at completeWork (node_modules/react-dom/cjs/react-dom.development.js:19464:28)
      at completeUnitOfWork (node_modules/react-dom/cjs/react-dom.development.js:22812:16)
      at performUnitOfWork (node_modules/react-dom/cjs/react-dom.development.js:22787:5)

  console.error
    Warning: validateDOMNesting(...): <body> cannot appear as a child of <div>.
        at body
        at div
        at App (/home/runner/work/PokemonShinyGuide/PokemonShinyGuide/src/App.tsx:80:23)

      at printWarning (node_modules/react-dom/cjs/react-dom.development.js:67:30)
      at error (node_modules/react-dom/cjs/react-dom.development.js:43:5)
      at validateDOMNesting (node_modules/react-dom/cjs/react-dom.development.js:10081:7)
      at createInstance (node_modules/react-dom/cjs/react-dom.development.js:10181:5)
      at completeWork (node_modules/react-dom/cjs/react-dom.development.js:19464:28)
      at completeUnitOfWork (node_modules/react-dom/cjs/react-dom.development.js:22812:16)
      at performUnitOfWork (node_modules/react-dom/cjs/react-dom.development.js:22787:5)

  console.error
    Warning: You provided a `checked` prop to a form field without an `onChange` handler. This will render a read-only field. If the field should be mutable use `defaultChecked`. Otherwise, set either `onChange` or `readOnly`.
        at input
        at /home/runner/work/PokemonShinyGuide/PokemonShinyGuide/node_modules/react-bootstrap/cjs/FormCheckInput.js:23:3
        at div
        at /home/runner/work/PokemonShinyGuide/PokemonShinyGuide/node_modules/react-bootstrap/cjs/FormCheck.js:31:3
        at div
        at /home/runner/work/PokemonShinyGuide/PokemonShinyGuide/node_modules/react-bootstrap/cjs/FormGroup.js:19:3
        at td
        at table
        at li
        at div
        at GameList (/home/runner/work/PokemonShinyGuide/PokemonShinyGuide/src/components/GameList.tsx:6:5)
        at div
        at ul
        at div
        at GameSelector (/home/runner/work/PokemonShinyGuide/PokemonShinyGuide/src/components/GameSelector.tsx:6:5)
        at td
        at table
        at body
        at div
        at App (/home/runner/work/PokemonShinyGuide/PokemonShinyGuide/src/App.tsx:80:23)

      at printWarning (node_modules/react-dom/cjs/react-dom.development.js:67:30)
      at error (node_modules/react-dom/cjs/react-dom.development.js:43:5)
      at checkControlledValueProps (node_modules/react-dom/cjs/react-dom.development.js:1327:7)
      at initWrapperState (node_modules/react-dom/cjs/react-dom.development.js:1495:5)
      at setInitialProperties (node_modules/react-dom/cjs/react-dom.development.js:9099:7)
      at finalizeInitialChildren (node_modules/react-dom/cjs/react-dom.development.js:10201:3)
      at completeWork (node_modules/react-dom/cjs/react-dom.development.js:19470:17)

  console.error
    Warning: You provided a `checked` prop to a form field without an `onChange` handler. This will render a read-only field. If the field should be mutable use `defaultChecked`. Otherwise, set either `onChange` or `readOnly`.
        at input
        at /home/runner/work/PokemonShinyGuide/PokemonShinyGuide/node_modules/react-bootstrap/cjs/FormCheckInput.js:23:3
        at div
        at /home/runner/work/PokemonShinyGuide/PokemonShinyGuide/node_modules/react-bootstrap/cjs/FormCheck.js:31:3
        at div
        at /home/runner/work/PokemonShinyGuide/PokemonShinyGuide/node_modules/react-bootstrap/cjs/FormGroup.js:19:3
        at td
        at table
        at li
        at div
        at GameList (/home/runner/work/PokemonShinyGuide/PokemonShinyGuide/src/components/GameList.tsx:6:5)
        at div
        at ul
        at div
        at GameSelector (/home/runner/work/PokemonShinyGuide/PokemonShinyGuide/src/components/GameSelector.tsx:6:5)
        at td
        at table
        at body
        at div
        at App (/home/runner/work/PokemonShinyGuide/PokemonShinyGuide/src/App.tsx:80:23)

      at printWarning (node_modules/react-dom/cjs/react-dom.development.js:67:30)
      at error (node_modules/react-dom/cjs/react-dom.development.js:43:5)
      at checkControlledValueProps (node_modules/react-dom/cjs/react-dom.development.js:1327:7)
      at initWrapperState (node_modules/react-dom/cjs/react-dom.development.js:1495:5)
      at setInitialProperties (node_modules/react-dom/cjs/react-dom.development.js:9099:7)
      at finalizeInitialChildren (node_modules/react-dom/cjs/react-dom.development.js:10201:3)
      at completeWork (node_modules/react-dom/cjs/react-dom.development.js:19470:17)

  console.error
    Warning: You provided a `checked` prop to a form field without an `onChange` handler. This will render a read-only field. If the field should be mutable use `defaultChecked`. Otherwise, set either `onChange` or `readOnly`.
        at input
        at /home/runner/work/PokemonShinyGuide/PokemonShinyGuide/node_modules/react-bootstrap/cjs/FormCheckInput.js:23:3
        at div
        at /home/runner/work/PokemonShinyGuide/PokemonShinyGuide/node_modules/react-bootstrap/cjs/FormCheck.js:31:3
        at div
        at /home/runner/work/PokemonShinyGuide/PokemonShinyGuide/node_modules/react-bootstrap/cjs/FormGroup.js:19:3
        at td
        at table
        at li
        at div
        at GameList (/home/runner/work/PokemonShinyGuide/PokemonShinyGuide/src/components/GameList.tsx:6:5)
        at div
        at ul
        at div
        at GameSelector (/home/runner/work/PokemonShinyGuide/PokemonShinyGuide/src/components/GameSelector.tsx:6:5)
        at td
        at table
        at body
        at div
        at App (/home/runner/work/PokemonShinyGuide/PokemonShinyGuide/src/App.tsx:80:23)

      at printWarning (node_modules/react-dom/cjs/react-dom.development.js:67:30)
      at error (node_modules/react-dom/cjs/react-dom.development.js:43:5)
      at checkControlledValueProps (node_modules/react-dom/cjs/react-dom.development.js:1327:7)
      at initWrapperState (node_modules/react-dom/cjs/react-dom.development.js:1495:5)
      at setInitialProperties (node_modules/react-dom/cjs/react-dom.development.js:9099:7)
      at finalizeInitialChildren (node_modules/react-dom/cjs/react-dom.development.js:10201:3)
      at completeWork (node_modules/react-dom/cjs/react-dom.development.js:19470:17)

  console.error
    Warning: You provided a `checked` prop to a form field without an `onChange` handler. This will render a read-only field. If the field should be mutable use `defaultChecked`. Otherwise, set either `onChange` or `readOnly`.
        at input
        at /home/runner/work/PokemonShinyGuide/PokemonShinyGuide/node_modules/react-bootstrap/cjs/FormCheckInput.js:23:3
        at div
        at /home/runner/work/PokemonShinyGuide/PokemonShinyGuide/node_modules/react-bootstrap/cjs/FormCheck.js:31:3
        at div
        at /home/runner/work/PokemonShinyGuide/PokemonShinyGuide/node_modules/react-bootstrap/cjs/FormGroup.js:19:3
        at td
        at table
        at li
        at div
        at GameList (/home/runner/work/PokemonShinyGuide/PokemonShinyGuide/src/components/GameList.tsx:6:5)
        at div
        at ul
        at div
        at GameSelector (/home/runner/work/PokemonShinyGuide/PokemonShinyGuide/src/components/GameSelector.tsx:6:5)
        at td
        at table
        at body
        at div
        at App (/home/runner/work/PokemonShinyGuide/PokemonShinyGuide/src/App.tsx:80:23)

      at printWarning (node_modules/react-dom/cjs/react-dom.development.js:67:30)
      at error (node_modules/react-dom/cjs/react-dom.development.js:43:5)
      at checkControlledValueProps (node_modules/react-dom/cjs/react-dom.development.js:1327:7)
      at initWrapperState (node_modules/react-dom/cjs/react-dom.development.js:1495:5)
      at setInitialProperties (node_modules/react-dom/cjs/react-dom.development.js:9099:7)
      at finalizeInitialChildren (node_modules/react-dom/cjs/react-dom.development.js:10201:3)
      at completeWork (node_modules/react-dom/cjs/react-dom.development.js:19470:17)

  console.error
    Warning: You provided a `checked` prop to a form field without an `onChange` handler. This will render a read-only field. If the field should be mutable use `defaultChecked`. Otherwise, set either `onChange` or `readOnly`.
        at input
        at /home/runner/work/PokemonShinyGuide/PokemonShinyGuide/node_modules/react-bootstrap/cjs/FormCheckInput.js:23:3
        at div
        at /home/runner/work/PokemonShinyGuide/PokemonShinyGuide/node_modules/react-bootstrap/cjs/FormCheck.js:31:3
        at div
        at /home/runner/work/PokemonShinyGuide/PokemonShinyGuide/node_modules/react-bootstrap/cjs/FormGroup.js:19:3
        at td
        at table
        at li
        at div
        at GameList (/home/runner/work/PokemonShinyGuide/PokemonShinyGuide/src/components/GameList.tsx:6:5)
        at div
        at ul
        at div
        at GameSelector (/home/runner/work/PokemonShinyGuide/PokemonShinyGuide/src/components/GameSelector.tsx:6:5)
        at td
        at table
        at body
        at div
        at App (/home/runner/work/PokemonShinyGuide/PokemonShinyGuide/src/App.tsx:80:23)

      at printWarning (node_modules/react-dom/cjs/react-dom.development.js:67:30)
      at error (node_modules/react-dom/cjs/react-dom.development.js:43:5)
      at checkControlledValueProps (node_modules/react-dom/cjs/react-dom.development.js:1327:7)
      at initWrapperState (node_modules/react-dom/cjs/react-dom.development.js:1495:5)
      at setInitialProperties (node_modules/react-dom/cjs/react-dom.development.js:9099:7)
      at finalizeInitialChildren (node_modules/react-dom/cjs/react-dom.development.js:10201:3)
      at completeWork (node_modules/react-dom/cjs/react-dom.development.js:19470:17)

  console.error
    Warning: You provided a `checked` prop to a form field without an `onChange` handler. This will render a read-only field. If the field should be mutable use `defaultChecked`. Otherwise, set either `onChange` or `readOnly`.
        at input
        at /home/runner/work/PokemonShinyGuide/PokemonShinyGuide/node_modules/react-bootstrap/cjs/FormCheckInput.js:23:3
        at div
        at /home/runner/work/PokemonShinyGuide/PokemonShinyGuide/node_modules/react-bootstrap/cjs/FormCheck.js:31:3
        at div
        at /home/runner/work/PokemonShinyGuide/PokemonShinyGuide/node_modules/react-bootstrap/cjs/FormGroup.js:19:3
        at td
        at table
        at li
        at div
        at GameList (/home/runner/work/PokemonShinyGuide/PokemonShinyGuide/src/components/GameList.tsx:6:5)
        at div
        at ul
        at div
        at GameSelector (/home/runner/work/PokemonShinyGuide/PokemonShinyGuide/src/components/GameSelector.tsx:6:5)
        at td
        at table
        at body
        at div
        at App (/home/runner/work/PokemonShinyGuide/PokemonShinyGuide/src/App.tsx:80:23)

      at printWarning (node_modules/react-dom/cjs/react-dom.development.js:67:30)
      at error (node_modules/react-dom/cjs/react-dom.development.js:43:5)
      at checkControlledValueProps (node_modules/react-dom/cjs/react-dom.development.js:1327:7)
      at initWrapperState (node_modules/react-dom/cjs/react-dom.development.js:1495:5)
      at setInitialProperties (node_modules/react-dom/cjs/react-dom.development.js:9099:7)
      at finalizeInitialChildren (node_modules/react-dom/cjs/react-dom.development.js:10201:3)
      at completeWork (node_modules/react-dom/cjs/react-dom.development.js:19470:17)

  console.error
    Warning: You provided a `checked` prop to a form field without an `onChange` handler. This will render a read-only field. If the field should be mutable use `defaultChecked`. Otherwise, set either `onChange` or `readOnly`.
        at input
        at /home/runner/work/PokemonShinyGuide/PokemonShinyGuide/node_modules/react-bootstrap/cjs/FormCheckInput.js:23:3
        at div
        at /home/runner/work/PokemonShinyGuide/PokemonShinyGuide/node_modules/react-bootstrap/cjs/FormCheck.js:31:3
        at div
        at /home/runner/work/PokemonShinyGuide/PokemonShinyGuide/node_modules/react-bootstrap/cjs/FormGroup.js:19:3
        at td
        at table
        at li
        at div
        at GameList (/home/runner/work/PokemonShinyGuide/PokemonShinyGuide/src/components/GameList.tsx:6:5)
        at div
        at ul
        at div
        at GameSelector (/home/runner/work/PokemonShinyGuide/PokemonShinyGuide/src/components/GameSelector.tsx:6:5)
        at td
        at table
        at body
        at div
        at App (/home/runner/work/PokemonShinyGuide/PokemonShinyGuide/src/App.tsx:80:23)

      at printWarning (node_modules/react-dom/cjs/react-dom.development.js:67:30)
      at error (node_modules/react-dom/cjs/react-dom.development.js:43:5)
      at checkControlledValueProps (node_modules/react-dom/cjs/react-dom.development.js:1327:7)
      at initWrapperState (node_modules/react-dom/cjs/react-dom.development.js:1495:5)
      at setInitialProperties (node_modules/react-dom/cjs/react-dom.development.js:9099:7)
      at finalizeInitialChildren (node_modules/react-dom/cjs/react-dom.development.js:10201:3)
      at completeWork (node_modules/react-dom/cjs/react-dom.development.js:19470:17)

  console.error
    Warning: You provided a `checked` prop to a form field without an `onChange` handler. This will render a read-only field. If the field should be mutable use `defaultChecked`. Otherwise, set either `onChange` or `readOnly`.
        at input
        at /home/runner/work/PokemonShinyGuide/PokemonShinyGuide/node_modules/react-bootstrap/cjs/FormCheckInput.js:23:3
        at div
        at /home/runner/work/PokemonShinyGuide/PokemonShinyGuide/node_modules/react-bootstrap/cjs/FormCheck.js:31:3
        at div
        at /home/runner/work/PokemonShinyGuide/PokemonShinyGuide/node_modules/react-bootstrap/cjs/FormGroup.js:19:3
        at td
        at table
        at li
        at div
        at GameList (/home/runner/work/PokemonShinyGuide/PokemonShinyGuide/src/components/GameList.tsx:6:5)
        at div
        at ul
        at div
        at GameSelector (/home/runner/work/PokemonShinyGuide/PokemonShinyGuide/src/components/GameSelector.tsx:6:5)
        at td
        at table
        at body
        at div
        at App (/home/runner/work/PokemonShinyGuide/PokemonShinyGuide/src/App.tsx:80:23)

      at printWarning (node_modules/react-dom/cjs/react-dom.development.js:67:30)
      at error (node_modules/react-dom/cjs/react-dom.development.js:43:5)
      at checkControlledValueProps (node_modules/react-dom/cjs/react-dom.development.js:1327:7)
      at initWrapperState (node_modules/react-dom/cjs/react-dom.development.js:1495:5)
      at setInitialProperties (node_modules/react-dom/cjs/react-dom.development.js:9099:7)
      at finalizeInitialChildren (node_modules/react-dom/cjs/react-dom.development.js:10201:3)
      at completeWork (node_modules/react-dom/cjs/react-dom.development.js:19470:17)

  console.error
    Warning: You provided a `checked` prop to a form field without an `onChange` handler. This will render a read-only field. If the field should be mutable use `defaultChecked`. Otherwise, set either `onChange` or `readOnly`.
        at input
        at /home/runner/work/PokemonShinyGuide/PokemonShinyGuide/node_modules/react-bootstrap/cjs/FormCheckInput.js:23:3
        at div
        at /home/runner/work/PokemonShinyGuide/PokemonShinyGuide/node_modules/react-bootstrap/cjs/FormCheck.js:31:3
        at div
        at /home/runner/work/PokemonShinyGuide/PokemonShinyGuide/node_modules/react-bootstrap/cjs/FormGroup.js:19:3
        at td
        at table
        at li
        at div
        at GameList (/home/runner/work/PokemonShinyGuide/PokemonShinyGuide/src/components/GameList.tsx:6:5)
        at div
        at ul
        at div
        at GameSelector (/home/runner/work/PokemonShinyGuide/PokemonShinyGuide/src/components/GameSelector.tsx:6:5)
        at td
        at table
        at body
        at div
        at App (/home/runner/work/PokemonShinyGuide/PokemonShinyGuide/src/App.tsx:80:23)

      at printWarning (node_modules/react-dom/cjs/react-dom.development.js:67:30)
      at error (node_modules/react-dom/cjs/react-dom.development.js:43:5)
      at checkControlledValueProps (node_modules/react-dom/cjs/react-dom.development.js:1327:7)
      at initWrapperState (node_modules/react-dom/cjs/react-dom.development.js:1495:5)
      at setInitialProperties (node_modules/react-dom/cjs/react-dom.development.js:9099:7)
      at finalizeInitialChildren (node_modules/react-dom/cjs/react-dom.development.js:10201:3)
      at completeWork (node_modules/react-dom/cjs/react-dom.development.js:19470:17)

  console.error
    Warning: You provided a `checked` prop to a form field without an `onChange` handler. This will render a read-only field. If the field should be mutable use `defaultChecked`. Otherwise, set either `onChange` or `readOnly`.
        at input
        at /home/runner/work/PokemonShinyGuide/PokemonShinyGuide/node_modules/react-bootstrap/cjs/FormCheckInput.js:23:3
        at div
        at /home/runner/work/PokemonShinyGuide/PokemonShinyGuide/node_modules/react-bootstrap/cjs/FormCheck.js:31:3
        at div
        at /home/runner/work/PokemonShinyGuide/PokemonShinyGuide/node_modules/react-bootstrap/cjs/FormGroup.js:19:3
        at td
        at table
        at li
        at div
        at GameList (/home/runner/work/PokemonShinyGuide/PokemonShinyGuide/src/components/GameList.tsx:6:5)
        at div
        at ul
        at div
        at GameSelector (/home/runner/work/PokemonShinyGuide/PokemonShinyGuide/src/components/GameSelector.tsx:6:5)
        at td
        at table
        at body
        at div
        at App (/home/runner/work/PokemonShinyGuide/PokemonShinyGuide/src/App.tsx:80:23)

      at printWarning (node_modules/react-dom/cjs/react-dom.development.js:67:30)
      at error (node_modules/react-dom/cjs/react-dom.development.js:43:5)
      at checkControlledValueProps (node_modules/react-dom/cjs/react-dom.development.js:1327:7)
      at initWrapperState (node_modules/react-dom/cjs/react-dom.development.js:1495:5)
      at setInitialProperties (node_modules/react-dom/cjs/react-dom.development.js:9099:7)
      at finalizeInitialChildren (node_modules/react-dom/cjs/react-dom.development.js:10201:3)
      at completeWork (node_modules/react-dom/cjs/react-dom.development.js:19470:17)

  console.error
    Warning: You provided a `checked` prop to a form field without an `onChange` handler. This will render a read-only field. If the field should be mutable use `defaultChecked`. Otherwise, set either `onChange` or `readOnly`.
        at input
        at /home/runner/work/PokemonShinyGuide/PokemonShinyGuide/node_modules/react-bootstrap/cjs/FormCheckInput.js:23:3
        at div
        at /home/runner/work/PokemonShinyGuide/PokemonShinyGuide/node_modules/react-bootstrap/cjs/FormCheck.js:31:3
        at div
        at /home/runner/work/PokemonShinyGuide/PokemonShinyGuide/node_modules/react-bootstrap/cjs/FormGroup.js:19:3
        at td
        at table
        at li
        at div
        at GameList (/home/runner/work/PokemonShinyGuide/PokemonShinyGuide/src/components/GameList.tsx:6:5)
        at div
        at ul
        at div
        at GameSelector (/home/runner/work/PokemonShinyGuide/PokemonShinyGuide/src/components/GameSelector.tsx:6:5)
        at td
        at table
        at body
        at div
        at App (/home/runner/work/PokemonShinyGuide/PokemonShinyGuide/src/App.tsx:80:23)

      at printWarning (node_modules/react-dom/cjs/react-dom.development.js:67:30)
      at error (node_modules/react-dom/cjs/react-dom.development.js:43:5)
      at checkControlledValueProps (node_modules/react-dom/cjs/react-dom.development.js:1327:7)
      at initWrapperState (node_modules/react-dom/cjs/react-dom.development.js:1495:5)
      at setInitialProperties (node_modules/react-dom/cjs/react-dom.development.js:9099:7)
      at finalizeInitialChildren (node_modules/react-dom/cjs/react-dom.development.js:10201:3)
      at completeWork (node_modules/react-dom/cjs/react-dom.development.js:19470:17)

  console.error
    Warning: You provided a `checked` prop to a form field without an `onChange` handler. This will render a read-only field. If the field should be mutable use `defaultChecked`. Otherwise, set either `onChange` or `readOnly`.
        at input
        at /home/runner/work/PokemonShinyGuide/PokemonShinyGuide/node_modules/react-bootstrap/cjs/FormCheckInput.js:23:3
        at div
        at /home/runner/work/PokemonShinyGuide/PokemonShinyGuide/node_modules/react-bootstrap/cjs/FormCheck.js:31:3
        at div
        at /home/runner/work/PokemonShinyGuide/PokemonShinyGuide/node_modules/react-bootstrap/cjs/FormGroup.js:19:3
        at td
        at table
        at li
        at div
        at GameList (/home/runner/work/PokemonShinyGuide/PokemonShinyGuide/src/components/GameList.tsx:6:5)
        at div
        at ul
        at div
        at GameSelector (/home/runner/work/PokemonShinyGuide/PokemonShinyGuide/src/components/GameSelector.tsx:6:5)
        at td
        at table
        at body
        at div
        at App (/home/runner/work/PokemonShinyGuide/PokemonShinyGuide/src/App.tsx:80:23)

      at printWarning (node_modules/react-dom/cjs/react-dom.development.js:67:30)
      at error (node_modules/react-dom/cjs/react-dom.development.js:43:5)
      at checkControlledValueProps (node_modules/react-dom/cjs/react-dom.development.js:1327:7)
      at initWrapperState (node_modules/react-dom/cjs/react-dom.development.js:1495:5)
      at setInitialProperties (node_modules/react-dom/cjs/react-dom.development.js:9099:7)
      at finalizeInitialChildren (node_modules/react-dom/cjs/react-dom.development.js:10201:3)
      at completeWork (node_modules/react-dom/cjs/react-dom.development.js:19470:17)

  console.error
    Warning: You provided a `checked` prop to a form field without an `onChange` handler. This will render a read-only field. If the field should be mutable use `defaultChecked`. Otherwise, set either `onChange` or `readOnly`.
        at input
        at /home/runner/work/PokemonShinyGuide/PokemonShinyGuide/node_modules/react-bootstrap/cjs/FormCheckInput.js:23:3
        at div
        at /home/runner/work/PokemonShinyGuide/PokemonShinyGuide/node_modules/react-bootstrap/cjs/FormCheck.js:31:3
        at div
        at /home/runner/work/PokemonShinyGuide/PokemonShinyGuide/node_modules/react-bootstrap/cjs/FormGroup.js:19:3
        at td
        at table
        at li
        at div
        at GameList (/home/runner/work/PokemonShinyGuide/PokemonShinyGuide/src/components/GameList.tsx:6:5)
        at div
        at ul
        at div
        at GameSelector (/home/runner/work/PokemonShinyGuide/PokemonShinyGuide/src/components/GameSelector.tsx:6:5)
        at td
        at table
        at body
        at div
        at App (/home/runner/work/PokemonShinyGuide/PokemonShinyGuide/src/App.tsx:80:23)

      at printWarning (node_modules/react-dom/cjs/react-dom.development.js:67:30)
      at error (node_modules/react-dom/cjs/react-dom.development.js:43:5)
      at checkControlledValueProps (node_modules/react-dom/cjs/react-dom.development.js:1327:7)
      at initWrapperState (node_modules/react-dom/cjs/react-dom.development.js:1495:5)
      at setInitialProperties (node_modules/react-dom/cjs/react-dom.development.js:9099:7)
      at finalizeInitialChildren (node_modules/react-dom/cjs/react-dom.development.js:10201:3)
      at completeWork (node_modules/react-dom/cjs/react-dom.development.js:19470:17)

  console.error
    Warning: You provided a `checked` prop to a form field without an `onChange` handler. This will render a read-only field. If the field should be mutable use `defaultChecked`. Otherwise, set either `onChange` or `readOnly`.
        at input
        at /home/runner/work/PokemonShinyGuide/PokemonShinyGuide/node_modules/react-bootstrap/cjs/FormCheckInput.js:23:3
        at div
        at /home/runner/work/PokemonShinyGuide/PokemonShinyGuide/node_modules/react-bootstrap/cjs/FormCheck.js:31:3
        at div
        at /home/runner/work/PokemonShinyGuide/PokemonShinyGuide/node_modules/react-bootstrap/cjs/FormGroup.js:19:3
        at td
        at table
        at li
        at div
        at GameList (/home/runner/work/PokemonShinyGuide/PokemonShinyGuide/src/components/GameList.tsx:6:5)
        at div
        at ul
        at div
        at GameSelector (/home/runner/work/PokemonShinyGuide/PokemonShinyGuide/src/components/GameSelector.tsx:6:5)
        at td
        at table
        at body
        at div
        at App (/home/runner/work/PokemonShinyGuide/PokemonShinyGuide/src/App.tsx:80:23)

      at printWarning (node_modules/react-dom/cjs/react-dom.development.js:67:30)
      at error (node_modules/react-dom/cjs/react-dom.development.js:43:5)
      at checkControlledValueProps (node_modules/react-dom/cjs/react-dom.development.js:1327:7)
      at initWrapperState (node_modules/react-dom/cjs/react-dom.development.js:1495:5)
      at setInitialProperties (node_modules/react-dom/cjs/react-dom.development.js:9099:7)
      at finalizeInitialChildren (node_modules/react-dom/cjs/react-dom.development.js:10201:3)
      at completeWork (node_modules/react-dom/cjs/react-dom.development.js:19470:17)

  console.error
    Warning: You provided a `checked` prop to a form field without an `onChange` handler. This will render a read-only field. If the field should be mutable use `defaultChecked`. Otherwise, set either `onChange` or `readOnly`.
        at input
        at /home/runner/work/PokemonShinyGuide/PokemonShinyGuide/node_modules/react-bootstrap/cjs/FormCheckInput.js:23:3
        at div
        at /home/runner/work/PokemonShinyGuide/PokemonShinyGuide/node_modules/react-bootstrap/cjs/FormCheck.js:31:3
        at div
        at /home/runner/work/PokemonShinyGuide/PokemonShinyGuide/node_modules/react-bootstrap/cjs/FormGroup.js:19:3
        at td
        at table
        at li
        at div
        at GameList (/home/runner/work/PokemonShinyGuide/PokemonShinyGuide/src/components/GameList.tsx:6:5)
        at div
        at ul
        at div
        at GameSelector (/home/runner/work/PokemonShinyGuide/PokemonShinyGuide/src/components/GameSelector.tsx:6:5)
        at td
        at table
        at body
        at div
        at App (/home/runner/work/PokemonShinyGuide/PokemonShinyGuide/src/App.tsx:80:23)

      at printWarning (node_modules/react-dom/cjs/react-dom.development.js:67:30)
      at error (node_modules/react-dom/cjs/react-dom.development.js:43:5)
      at checkControlledValueProps (node_modules/react-dom/cjs/react-dom.development.js:1327:7)
      at initWrapperState (node_modules/react-dom/cjs/react-dom.development.js:1495:5)
      at setInitialProperties (node_modules/react-dom/cjs/react-dom.development.js:9099:7)
      at finalizeInitialChildren (node_modules/react-dom/cjs/react-dom.development.js:10201:3)
      at completeWork (node_modules/react-dom/cjs/react-dom.development.js:19470:17)

  console.error
    Warning: You provided a `checked` prop to a form field without an `onChange` handler. This will render a read-only field. If the field should be mutable use `defaultChecked`. Otherwise, set either `onChange` or `readOnly`.
        at input
        at /home/runner/work/PokemonShinyGuide/PokemonShinyGuide/node_modules/react-bootstrap/cjs/FormCheckInput.js:23:3
        at div
        at /home/runner/work/PokemonShinyGuide/PokemonShinyGuide/node_modules/react-bootstrap/cjs/FormCheck.js:31:3
        at div
        at /home/runner/work/PokemonShinyGuide/PokemonShinyGuide/node_modules/react-bootstrap/cjs/FormGroup.js:19:3
        at td
        at table
        at li
        at div
        at GameList (/home/runner/work/PokemonShinyGuide/PokemonShinyGuide/src/components/GameList.tsx:6:5)
        at div
        at ul
        at div
        at GameSelector (/home/runner/work/PokemonShinyGuide/PokemonShinyGuide/src/components/GameSelector.tsx:6:5)
        at td
        at table
        at body
        at div
        at App (/home/runner/work/PokemonShinyGuide/PokemonShinyGuide/src/App.tsx:80:23)

      at printWarning (node_modules/react-dom/cjs/react-dom.development.js:67:30)
      at error (node_modules/react-dom/cjs/react-dom.development.js:43:5)
      at checkControlledValueProps (node_modules/react-dom/cjs/react-dom.development.js:1327:7)
      at initWrapperState (node_modules/react-dom/cjs/react-dom.development.js:1495:5)
      at setInitialProperties (node_modules/react-dom/cjs/react-dom.development.js:9099:7)
      at finalizeInitialChildren (node_modules/react-dom/cjs/react-dom.development.js:10201:3)
      at completeWork (node_modules/react-dom/cjs/react-dom.development.js:19470:17)

  console.error
    Warning: You provided a `checked` prop to a form field without an `onChange` handler. This will render a read-only field. If the field should be mutable use `defaultChecked`. Otherwise, set either `onChange` or `readOnly`.
        at input
        at /home/runner/work/PokemonShinyGuide/PokemonShinyGuide/node_modules/react-bootstrap/cjs/FormCheckInput.js:23:3
        at div
        at /home/runner/work/PokemonShinyGuide/PokemonShinyGuide/node_modules/react-bootstrap/cjs/FormCheck.js:31:3
        at div
        at /home/runner/work/PokemonShinyGuide/PokemonShinyGuide/node_modules/react-bootstrap/cjs/FormGroup.js:19:3
        at td
        at table
        at li
        at div
        at GameList (/home/runner/work/PokemonShinyGuide/PokemonShinyGuide/src/components/GameList.tsx:6:5)
        at div
        at ul
        at div
        at GameSelector (/home/runner/work/PokemonShinyGuide/PokemonShinyGuide/src/components/GameSelector.tsx:6:5)
        at td
        at table
        at body
        at div
        at App (/home/runner/work/PokemonShinyGuide/PokemonShinyGuide/src/App.tsx:80:23)

      at printWarning (node_modules/react-dom/cjs/react-dom.development.js:67:30)
      at error (node_modules/react-dom/cjs/react-dom.development.js:43:5)
      at checkControlledValueProps (node_modules/react-dom/cjs/react-dom.development.js:1327:7)
      at initWrapperState (node_modules/react-dom/cjs/react-dom.development.js:1495:5)
      at setInitialProperties (node_modules/react-dom/cjs/react-dom.development.js:9099:7)
      at finalizeInitialChildren (node_modules/react-dom/cjs/react-dom.development.js:10201:3)
      at completeWork (node_modules/react-dom/cjs/react-dom.development.js:19470:17)

  console.error
    Warning: You provided a `checked` prop to a form field without an `onChange` handler. This will render a read-only field. If the field should be mutable use `defaultChecked`. Otherwise, set either `onChange` or `readOnly`.
        at input
        at /home/runner/work/PokemonShinyGuide/PokemonShinyGuide/node_modules/react-bootstrap/cjs/FormCheckInput.js:23:3
        at div
        at /home/runner/work/PokemonShinyGuide/PokemonShinyGuide/node_modules/react-bootstrap/cjs/FormCheck.js:31:3
        at div
        at /home/runner/work/PokemonShinyGuide/PokemonShinyGuide/node_modules/react-bootstrap/cjs/FormGroup.js:19:3
        at td
        at table
        at li
        at div
        at GameList (/home/runner/work/PokemonShinyGuide/PokemonShinyGuide/src/components/GameList.tsx:6:5)
        at div
        at ul
        at div
        at GameSelector (/home/runner/work/PokemonShinyGuide/PokemonShinyGuide/src/components/GameSelector.tsx:6:5)
        at td
        at table
        at body
        at div
        at App (/home/runner/work/PokemonShinyGuide/PokemonShinyGuide/src/App.tsx:80:23)

      at printWarning (node_modules/react-dom/cjs/react-dom.development.js:67:30)
      at error (node_modules/react-dom/cjs/react-dom.development.js:43:5)
      at checkControlledValueProps (node_modules/react-dom/cjs/react-dom.development.js:1327:7)
      at initWrapperState (node_modules/react-dom/cjs/react-dom.development.js:1495:5)
      at setInitialProperties (node_modules/react-dom/cjs/react-dom.development.js:9099:7)
      at finalizeInitialChildren (node_modules/react-dom/cjs/react-dom.development.js:10201:3)
      at completeWork (node_modules/react-dom/cjs/react-dom.development.js:19470:17)

  console.error
    Warning: You provided a `checked` prop to a form field without an `onChange` handler. This will render a read-only field. If the field should be mutable use `defaultChecked`. Otherwise, set either `onChange` or `readOnly`.
        at input
        at /home/runner/work/PokemonShinyGuide/PokemonShinyGuide/node_modules/react-bootstrap/cjs/FormCheckInput.js:23:3
        at div
        at /home/runner/work/PokemonShinyGuide/PokemonShinyGuide/node_modules/react-bootstrap/cjs/FormCheck.js:31:3
        at div
        at /home/runner/work/PokemonShinyGuide/PokemonShinyGuide/node_modules/react-bootstrap/cjs/FormGroup.js:19:3
        at td
        at table
        at li
        at div
        at GameList (/home/runner/work/PokemonShinyGuide/PokemonShinyGuide/src/components/GameList.tsx:6:5)
        at div
        at ul
        at div
        at GameSelector (/home/runner/work/PokemonShinyGuide/PokemonShinyGuide/src/components/GameSelector.tsx:6:5)
        at td
        at table
        at body
        at div
        at App (/home/runner/work/PokemonShinyGuide/PokemonShinyGuide/src/App.tsx:80:23)

      at printWarning (node_modules/react-dom/cjs/react-dom.development.js:67:30)
      at error (node_modules/react-dom/cjs/react-dom.development.js:43:5)
      at checkControlledValueProps (node_modules/react-dom/cjs/react-dom.development.js:1327:7)
      at initWrapperState (node_modules/react-dom/cjs/react-dom.development.js:1495:5)
      at setInitialProperties (node_modules/react-dom/cjs/react-dom.development.js:9099:7)
      at finalizeInitialChildren (node_modules/react-dom/cjs/react-dom.development.js:10201:3)
      at completeWork (node_modules/react-dom/cjs/react-dom.development.js:19470:17)

  console.error
    Warning: You provided a `checked` prop to a form field without an `onChange` handler. This will render a read-only field. If the field should be mutable use `defaultChecked`. Otherwise, set either `onChange` or `readOnly`.
        at input
        at /home/runner/work/PokemonShinyGuide/PokemonShinyGuide/node_modules/react-bootstrap/cjs/FormCheckInput.js:23:3
        at div
        at /home/runner/work/PokemonShinyGuide/PokemonShinyGuide/node_modules/react-bootstrap/cjs/FormCheck.js:31:3
        at div
        at /home/runner/work/PokemonShinyGuide/PokemonShinyGuide/node_modules/react-bootstrap/cjs/FormGroup.js:19:3
        at td
        at table
        at li
        at div
        at GameList (/home/runner/work/PokemonShinyGuide/PokemonShinyGuide/src/components/GameList.tsx:6:5)
        at div
        at ul
        at div
        at GameSelector (/home/runner/work/PokemonShinyGuide/PokemonShinyGuide/src/components/GameSelector.tsx:6:5)
        at td
        at table
        at body
        at div
        at App (/home/runner/work/PokemonShinyGuide/PokemonShinyGuide/src/App.tsx:80:23)

      at printWarning (node_modules/react-dom/cjs/react-dom.development.js:67:30)
      at error (node_modules/react-dom/cjs/react-dom.development.js:43:5)
      at checkControlledValueProps (node_modules/react-dom/cjs/react-dom.development.js:1327:7)
      at initWrapperState (node_modules/react-dom/cjs/react-dom.development.js:1495:5)
      at setInitialProperties (node_modules/react-dom/cjs/react-dom.development.js:9099:7)
      at finalizeInitialChildren (node_modules/react-dom/cjs/react-dom.development.js:10201:3)
      at completeWork (node_modules/react-dom/cjs/react-dom.development.js:19470:17)

  console.error
    Warning: You provided a `checked` prop to a form field without an `onChange` handler. This will render a read-only field. If the field should be mutable use `defaultChecked`. Otherwise, set either `onChange` or `readOnly`.
        at input
        at /home/runner/work/PokemonShinyGuide/PokemonShinyGuide/node_modules/react-bootstrap/cjs/FormCheckInput.js:23:3
        at div
        at /home/runner/work/PokemonShinyGuide/PokemonShinyGuide/node_modules/react-bootstrap/cjs/FormCheck.js:31:3
        at div
        at /home/runner/work/PokemonShinyGuide/PokemonShinyGuide/node_modules/react-bootstrap/cjs/FormGroup.js:19:3
        at td
        at table
        at li
        at div
        at GameList (/home/runner/work/PokemonShinyGuide/PokemonShinyGuide/src/components/GameList.tsx:6:5)
        at div
        at ul
        at div
        at GameSelector (/home/runner/work/PokemonShinyGuide/PokemonShinyGuide/src/components/GameSelector.tsx:6:5)
        at td
        at table
        at body
        at div
        at App (/home/runner/work/PokemonShinyGuide/PokemonShinyGuide/src/App.tsx:80:23)

      at printWarning (node_modules/react-dom/cjs/react-dom.development.js:67:30)
      at error (node_modules/react-dom/cjs/react-dom.development.js:43:5)
      at checkControlledValueProps (node_modules/react-dom/cjs/react-dom.development.js:1327:7)
      at initWrapperState (node_modules/react-dom/cjs/react-dom.development.js:1495:5)
      at setInitialProperties (node_modules/react-dom/cjs/react-dom.development.js:9099:7)
      at finalizeInitialChildren (node_modules/react-dom/cjs/react-dom.development.js:10201:3)
      at completeWork (node_modules/react-dom/cjs/react-dom.development.js:19470:17)

  console.error
    Warning: You provided a `checked` prop to a form field without an `onChange` handler. This will render a read-only field. If the field should be mutable use `defaultChecked`. Otherwise, set either `onChange` or `readOnly`.
        at input
        at /home/runner/work/PokemonShinyGuide/PokemonShinyGuide/node_modules/react-bootstrap/cjs/FormCheckInput.js:23:3
        at div
        at /home/runner/work/PokemonShinyGuide/PokemonShinyGuide/node_modules/react-bootstrap/cjs/FormCheck.js:31:3
        at div
        at /home/runner/work/PokemonShinyGuide/PokemonShinyGuide/node_modules/react-bootstrap/cjs/FormGroup.js:19:3
        at td
        at table
        at li
        at div
        at GameList (/home/runner/work/PokemonShinyGuide/PokemonShinyGuide/src/components/GameList.tsx:6:5)
        at div
        at ul
        at div
        at GameSelector (/home/runner/work/PokemonShinyGuide/PokemonShinyGuide/src/components/GameSelector.tsx:6:5)
        at td
        at table
        at body
        at div
        at App (/home/runner/work/PokemonShinyGuide/PokemonShinyGuide/src/App.tsx:80:23)

      at printWarning (node_modules/react-dom/cjs/react-dom.development.js:67:30)
      at error (node_modules/react-dom/cjs/react-dom.development.js:43:5)
      at checkControlledValueProps (node_modules/react-dom/cjs/react-dom.development.js:1327:7)
      at initWrapperState (node_modules/react-dom/cjs/react-dom.development.js:1495:5)
      at setInitialProperties (node_modules/react-dom/cjs/react-dom.development.js:9099:7)
      at finalizeInitialChildren (node_modules/react-dom/cjs/react-dom.development.js:10201:3)
      at completeWork (node_modules/react-dom/cjs/react-dom.development.js:19470:17)

  console.error
    Warning: You provided a `checked` prop to a form field without an `onChange` handler. This will render a read-only field. If the field should be mutable use `defaultChecked`. Otherwise, set either `onChange` or `readOnly`.
        at input
        at /home/runner/work/PokemonShinyGuide/PokemonShinyGuide/node_modules/react-bootstrap/cjs/FormCheckInput.js:23:3
        at div
        at /home/runner/work/PokemonShinyGuide/PokemonShinyGuide/node_modules/react-bootstrap/cjs/FormCheck.js:31:3
        at div
        at /home/runner/work/PokemonShinyGuide/PokemonShinyGuide/node_modules/react-bootstrap/cjs/FormGroup.js:19:3
        at td
        at table
        at li
        at div
        at GameList (/home/runner/work/PokemonShinyGuide/PokemonShinyGuide/src/components/GameList.tsx:6:5)
        at div
        at ul
        at div
        at GameSelector (/home/runner/work/PokemonShinyGuide/PokemonShinyGuide/src/components/GameSelector.tsx:6:5)
        at td
        at table
        at body
        at div
        at App (/home/runner/work/PokemonShinyGuide/PokemonShinyGuide/src/App.tsx:80:23)

      at printWarning (node_modules/react-dom/cjs/react-dom.development.js:67:30)
      at error (node_modules/react-dom/cjs/react-dom.development.js:43:5)
      at checkControlledValueProps (node_modules/react-dom/cjs/react-dom.development.js:1327:7)
      at initWrapperState (node_modules/react-dom/cjs/react-dom.development.js:1495:5)
      at setInitialProperties (node_modules/react-dom/cjs/react-dom.development.js:9099:7)
      at finalizeInitialChildren (node_modules/react-dom/cjs/react-dom.development.js:10201:3)
      at completeWork (node_modules/react-dom/cjs/react-dom.development.js:19470:17)

  console.error
    Warning: You provided a `checked` prop to a form field without an `onChange` handler. This will render a read-only field. If the field should be mutable use `defaultChecked`. Otherwise, set either `onChange` or `readOnly`.
        at input
        at /home/runner/work/PokemonShinyGuide/PokemonShinyGuide/node_modules/react-bootstrap/cjs/FormCheckInput.js:23:3
        at div
        at /home/runner/work/PokemonShinyGuide/PokemonShinyGuide/node_modules/react-bootstrap/cjs/FormCheck.js:31:3
        at div
        at /home/runner/work/PokemonShinyGuide/PokemonShinyGuide/node_modules/react-bootstrap/cjs/FormGroup.js:19:3
        at td
        at table
        at li
        at div
        at GameList (/home/runner/work/PokemonShinyGuide/PokemonShinyGuide/src/components/GameList.tsx:6:5)
        at div
        at ul
        at div
        at GameSelector (/home/runner/work/PokemonShinyGuide/PokemonShinyGuide/src/components/GameSelector.tsx:6:5)
        at td
        at table
        at body
        at div
        at App (/home/runner/work/PokemonShinyGuide/PokemonShinyGuide/src/App.tsx:80:23)

      at printWarning (node_modules/react-dom/cjs/react-dom.development.js:67:30)
      at error (node_modules/react-dom/cjs/react-dom.development.js:43:5)
      at checkControlledValueProps (node_modules/react-dom/cjs/react-dom.development.js:1327:7)
      at initWrapperState (node_modules/react-dom/cjs/react-dom.development.js:1495:5)
      at setInitialProperties (node_modules/react-dom/cjs/react-dom.development.js:9099:7)
      at finalizeInitialChildren (node_modules/react-dom/cjs/react-dom.development.js:10201:3)
      at completeWork (node_modules/react-dom/cjs/react-dom.development.js:19470:17)

  console.error
    Warning: You provided a `checked` prop to a form field without an `onChange` handler. This will render a read-only field. If the field should be mutable use `defaultChecked`. Otherwise, set either `onChange` or `readOnly`.
        at input
        at /home/runner/work/PokemonShinyGuide/PokemonShinyGuide/node_modules/react-bootstrap/cjs/FormCheckInput.js:23:3
        at div
        at /home/runner/work/PokemonShinyGuide/PokemonShinyGuide/node_modules/react-bootstrap/cjs/FormCheck.js:31:3
        at div
        at /home/runner/work/PokemonShinyGuide/PokemonShinyGuide/node_modules/react-bootstrap/cjs/FormGroup.js:19:3
        at td
        at table
        at li
        at div
        at GameList (/home/runner/work/PokemonShinyGuide/PokemonShinyGuide/src/components/GameList.tsx:6:5)
        at div
        at ul
        at div
        at GameSelector (/home/runner/work/PokemonShinyGuide/PokemonShinyGuide/src/components/GameSelector.tsx:6:5)
        at td
        at table
        at body
        at div
        at App (/home/runner/work/PokemonShinyGuide/PokemonShinyGuide/src/App.tsx:80:23)

      at printWarning (node_modules/react-dom/cjs/react-dom.development.js:67:30)
      at error (node_modules/react-dom/cjs/react-dom.development.js:43:5)
      at checkControlledValueProps (node_modules/react-dom/cjs/react-dom.development.js:1327:7)
      at initWrapperState (node_modules/react-dom/cjs/react-dom.development.js:1495:5)
      at setInitialProperties (node_modules/react-dom/cjs/react-dom.development.js:9099:7)
      at finalizeInitialChildren (node_modules/react-dom/cjs/react-dom.development.js:10201:3)
      at completeWork (node_modules/react-dom/cjs/react-dom.development.js:19470:17)

  console.error
    Warning: You provided a `checked` prop to a form field without an `onChange` handler. This will render a read-only field. If the field should be mutable use `defaultChecked`. Otherwise, set either `onChange` or `readOnly`.
        at input
        at /home/runner/work/PokemonShinyGuide/PokemonShinyGuide/node_modules/react-bootstrap/cjs/FormCheckInput.js:23:3
        at div
        at /home/runner/work/PokemonShinyGuide/PokemonShinyGuide/node_modules/react-bootstrap/cjs/FormCheck.js:31:3
        at div
        at /home/runner/work/PokemonShinyGuide/PokemonShinyGuide/node_modules/react-bootstrap/cjs/FormGroup.js:19:3
        at td
        at table
        at li
        at div
        at GameList (/home/runner/work/PokemonShinyGuide/PokemonShinyGuide/src/components/GameList.tsx:6:5)
        at div
        at ul
        at div
        at GameSelector (/home/runner/work/PokemonShinyGuide/PokemonShinyGuide/src/components/GameSelector.tsx:6:5)
        at td
        at table
        at body
        at div
        at App (/home/runner/work/PokemonShinyGuide/PokemonShinyGuide/src/App.tsx:80:23)

      at printWarning (node_modules/react-dom/cjs/react-dom.development.js:67:30)
      at error (node_modules/react-dom/cjs/react-dom.development.js:43:5)
      at checkControlledValueProps (node_modules/react-dom/cjs/react-dom.development.js:1327:7)
      at initWrapperState (node_modules/react-dom/cjs/react-dom.development.js:1495:5)
      at setInitialProperties (node_modules/react-dom/cjs/react-dom.development.js:9099:7)
      at finalizeInitialChildren (node_modules/react-dom/cjs/react-dom.development.js:10201:3)
      at completeWork (node_modules/react-dom/cjs/react-dom.development.js:19470:17)

  console.error
    Warning: You provided a `checked` prop to a form field without an `onChange` handler. This will render a read-only field. If the field should be mutable use `defaultChecked`. Otherwise, set either `onChange` or `readOnly`.
        at input
        at /home/runner/work/PokemonShinyGuide/PokemonShinyGuide/node_modules/react-bootstrap/cjs/FormCheckInput.js:23:3
        at div
        at /home/runner/work/PokemonShinyGuide/PokemonShinyGuide/node_modules/react-bootstrap/cjs/FormCheck.js:31:3
        at div
        at /home/runner/work/PokemonShinyGuide/PokemonShinyGuide/node_modules/react-bootstrap/cjs/FormGroup.js:19:3
        at td
        at table
        at li
        at div
        at GameList (/home/runner/work/PokemonShinyGuide/PokemonShinyGuide/src/components/GameList.tsx:6:5)
        at div
        at ul
        at div
        at GameSelector (/home/runner/work/PokemonShinyGuide/PokemonShinyGuide/src/components/GameSelector.tsx:6:5)
        at td
        at table
        at body
        at div
        at App (/home/runner/work/PokemonShinyGuide/PokemonShinyGuide/src/App.tsx:80:23)

      at printWarning (node_modules/react-dom/cjs/react-dom.development.js:67:30)
      at error (node_modules/react-dom/cjs/react-dom.development.js:43:5)
      at checkControlledValueProps (node_modules/react-dom/cjs/react-dom.development.js:1327:7)
      at initWrapperState (node_modules/react-dom/cjs/react-dom.development.js:1495:5)
      at setInitialProperties (node_modules/react-dom/cjs/react-dom.development.js:9099:7)
      at finalizeInitialChildren (node_modules/react-dom/cjs/react-dom.development.js:10201:3)
      at completeWork (node_modules/react-dom/cjs/react-dom.development.js:19470:17)

  console.error
    Warning: You provided a `checked` prop to a form field without an `onChange` handler. This will render a read-only field. If the field should be mutable use `defaultChecked`. Otherwise, set either `onChange` or `readOnly`.
        at input
        at /home/runner/work/PokemonShinyGuide/PokemonShinyGuide/node_modules/react-bootstrap/cjs/FormCheckInput.js:23:3
        at div
        at /home/runner/work/PokemonShinyGuide/PokemonShinyGuide/node_modules/react-bootstrap/cjs/FormCheck.js:31:3
        at div
        at /home/runner/work/PokemonShinyGuide/PokemonShinyGuide/node_modules/react-bootstrap/cjs/FormGroup.js:19:3
        at td
        at table
        at li
        at div
        at GameList (/home/runner/work/PokemonShinyGuide/PokemonShinyGuide/src/components/GameList.tsx:6:5)
        at div
        at ul
        at div
        at GameSelector (/home/runner/work/PokemonShinyGuide/PokemonShinyGuide/src/components/GameSelector.tsx:6:5)
        at td
        at table
        at body
        at div
        at App (/home/runner/work/PokemonShinyGuide/PokemonShinyGuide/src/App.tsx:80:23)

      at printWarning (node_modules/react-dom/cjs/react-dom.development.js:67:30)
      at error (node_modules/react-dom/cjs/react-dom.development.js:43:5)
      at checkControlledValueProps (node_modules/react-dom/cjs/react-dom.development.js:1327:7)
      at initWrapperState (node_modules/react-dom/cjs/react-dom.development.js:1495:5)
      at setInitialProperties (node_modules/react-dom/cjs/react-dom.development.js:9099:7)
      at finalizeInitialChildren (node_modules/react-dom/cjs/react-dom.development.js:10201:3)
      at completeWork (node_modules/react-dom/cjs/react-dom.development.js:19470:17)

  console.error
    Warning: You provided a `checked` prop to a form field without an `onChange` handler. This will render a read-only field. If the field should be mutable use `defaultChecked`. Otherwise, set either `onChange` or `readOnly`.
        at input
        at /home/runner/work/PokemonShinyGuide/PokemonShinyGuide/node_modules/react-bootstrap/cjs/FormCheckInput.js:23:3
        at div
        at /home/runner/work/PokemonShinyGuide/PokemonShinyGuide/node_modules/react-bootstrap/cjs/FormCheck.js:31:3
        at div
        at /home/runner/work/PokemonShinyGuide/PokemonShinyGuide/node_modules/react-bootstrap/cjs/FormGroup.js:19:3
        at td
        at table
        at li
        at div
        at GameList (/home/runner/work/PokemonShinyGuide/PokemonShinyGuide/src/components/GameList.tsx:6:5)
        at div
        at ul
        at div
        at GameSelector (/home/runner/work/PokemonShinyGuide/PokemonShinyGuide/src/components/GameSelector.tsx:6:5)
        at td
        at table
        at body
        at div
        at App (/home/runner/work/PokemonShinyGuide/PokemonShinyGuide/src/App.tsx:80:23)

      at printWarning (node_modules/react-dom/cjs/react-dom.development.js:67:30)
      at error (node_modules/react-dom/cjs/react-dom.development.js:43:5)
      at checkControlledValueProps (node_modules/react-dom/cjs/react-dom.development.js:1327:7)
      at initWrapperState (node_modules/react-dom/cjs/react-dom.development.js:1495:5)
      at setInitialProperties (node_modules/react-dom/cjs/react-dom.development.js:9099:7)
      at finalizeInitialChildren (node_modules/react-dom/cjs/react-dom.development.js:10201:3)
      at completeWork (node_modules/react-dom/cjs/react-dom.development.js:19470:17)

  console.error
    Warning: You provided a `checked` prop to a form field without an `onChange` handler. This will render a read-only field. If the field should be mutable use `defaultChecked`. Otherwise, set either `onChange` or `readOnly`.
        at input
        at /home/runner/work/PokemonShinyGuide/PokemonShinyGuide/node_modules/react-bootstrap/cjs/FormCheckInput.js:23:3
        at div
        at /home/runner/work/PokemonShinyGuide/PokemonShinyGuide/node_modules/react-bootstrap/cjs/FormCheck.js:31:3
        at div
        at /home/runner/work/PokemonShinyGuide/PokemonShinyGuide/node_modules/react-bootstrap/cjs/FormGroup.js:19:3
        at td
        at table
        at li
        at div
        at GameList (/home/runner/work/PokemonShinyGuide/PokemonShinyGuide/src/components/GameList.tsx:6:5)
        at div
        at ul
        at div
        at GameSelector (/home/runner/work/PokemonShinyGuide/PokemonShinyGuide/src/components/GameSelector.tsx:6:5)
        at td
        at table
        at body
        at div
        at App (/home/runner/work/PokemonShinyGuide/PokemonShinyGuide/src/App.tsx:80:23)

      at printWarning (node_modules/react-dom/cjs/react-dom.development.js:67:30)
      at error (node_modules/react-dom/cjs/react-dom.development.js:43:5)
      at checkControlledValueProps (node_modules/react-dom/cjs/react-dom.development.js:1327:7)
      at initWrapperState (node_modules/react-dom/cjs/react-dom.development.js:1495:5)
      at setInitialProperties (node_modules/react-dom/cjs/react-dom.development.js:9099:7)
      at finalizeInitialChildren (node_modules/react-dom/cjs/react-dom.development.js:10201:3)
      at completeWork (node_modules/react-dom/cjs/react-dom.development.js:19470:17)

FAIL src/App.test.tsx
  ✕ renders the course name somewhere (894 ms)

  ● renders the course name somewhere

    TestingLibraryElementError: Unable to find an element with the text: /CISC275/i. This could be because the text is broken up by multiple elements. In this case, you can provide a function for your text matcher to make your matcher more flexible.

    Ignored nodes: comments, <script />, <style />
    [36m<body>[39m
      [36m<div>[39m
        [36m<div[39m
          [33mclass[39m=[32m"App"[39m
        [36m>[39m
          [36m<header[39m
            [33mclass[39m=[32m"App-header"[39m
          [36m>[39m
            [36m<div>[39m
              [36m<img[39m
                [33msrc[39m=[32m"Spiritomb.png"[39m
                [33mwidth[39m=[32m"200px"[39m
              [36m/>[39m
              [0mComprehensive Shiny Hunting Guide[0m
              [36m<img[39m
                [33msrc[39m=[32m"Shuckle.png"[39m
                [33mwidth[39m=[32m"200px"[39m
              [36m/>[39m
            [36m</div>[39m
          [36m</header>[39m
          [36m<body>[39m
            [36m<div>[39m
              [36m<table>[39m
                [36m<td[39m
                  [33mwidth[39m=[32m"20%"[39m
                [36m/>[39m
                [36m<td[39m
                  [33mwidth[39m=[32m"60%"[39m
                [36m>[39m
                  [36m<p>[39m
                    [0mWelcome to the wonderful world of Pokemon! This is a personal project I have been working on, for fun. As an avid shiny hunter, I eventually began to wonder what the optimal way to go about it was. And so, this tool was born. It collects all of the encounter information from every single Pokemon in the game, and from that calculates the fastest method by which to obtain each and every one.[0m
                    [36m<hr />[39m
                    [0mThis tool is quite simple to use:[0m
                  [36m</p>[39m
                  [36m<table>[39m
                    [36m<td[39m
                      [33mwidth[39m=[32m"25%"[39m
                    [36m/>[39m
                    [36m<td[39m
                      [33mwidth[39m=[32m"50%"[39m
                    [36m>[39m
                      [36m<ul>[39m
                        [36m<li>[39m
                          [0mSelect your hunt target[0m
                        [36m</li>[39m
                        [36m<li>[39m
                          [0mSelect the list of games you own or wish to hunt in[0m
                        [36m</li>[39m
                        [36m<li>[39m
                          [0mChoose which charms you have in each game[0m
                        [36m</li>[39m
                      [36m</ul>[39m
                    [36m</td>[39m
                    [36m<td[39m
                      [33mwidth[39m=[32m"25%"[39m
                    [36m/>[39m
                  [36m</table>[39m
                [36m</td>[39m
                [36m<td[39m
                  [33mwidth[39m=[32m"20%"[39m
                [36m/>[39m
              [36m</table>[39m
            [36m</div>[39m
          [36m</body>[39m
          [36m<br />[39m
          [36m<body>[39m
            [36m<table[39m
              [33mclass[39m=[32m"infoTable"[39m
              [33mwidth[39m=[32m"100%"[39m
            [36m>[39m
              [36m<td[39m
                [33mheight[39m=[32m"33%"[39m
                [33mvalign[39m=[32m"top"[39m
                [33mwidth[39m=[32m"33%"[39m
              [36m>[39m
                [36m<div>[39m
                  [36m<div>[39m
                    [0mSelect Your Shiny Target:[0m
                  [36m</div>[39m
                  [36m<hr />[39m
                  [36m<div>[39m
                    [36m<label[39m
                      [33mclass[39m=[32m"form-label"[39m
                    [36m>[39m
                      [36m<select[39m
                        [33mclass[39m=[32m"form-select"[39m
                      [36m>[39m
                        [36m<option[39m
                          [33mvalue[39m=[32m"Bulbasaur"[39m
                        [36m>[39m
                          [0mBulbasaur[0m
                        [36m</option>[39m
                        [36m<option[39m
                          [33mvalue[39m=[32m"Ivysaur"[39m
                        [36m>[39m
                          [0mIvysaur[0m
                        [36m</option>[39m
                        [36m<option[39m
                          [33mvalue[39m=[32m"Venusaur"[39m
                        [36m>[39m
                          [0mVenusaur[0m
                        [36m</option>[39m
                        [36m<option[39m
                          [33mvalue[39m=[32m"Charmander"[39m
                        [36m>[39m
                          [0mCharmander[0m
                        [36m</option>[39m
                        [36m<option[39m
                          [33mvalue[39m=[32m"Charmeleon"[39m
                        [36m>[39m
                          [0mCharmeleon[0m
                        [36m</option>[39m
                        [36m<option[39m
                          [33mvalue[39m=[32m"Charizard"[39m
                        [36m>[39m
                          [0mCharizard[0m
                        [36m</option>[39m
                        [36m<option[39m
                          [33mvalue[39m=[32m"Squirtle"[39m
                        [36m>[39m
                          [0mSquirtle[0m
                        [36m</option>[39m
                        [36m<option[39m
                          [33mvalue[39m=[32m"Wartortle"[39m
                        [36m>[39m
                          [0mWartortle[0m
                        [36m</option>[39m
                        [36m<option[39m
                          [33mvalue[39m=[32m"Blastoise"[39m
                        [36m>[39m
                          [0mBlastoise[0m
                        [36m</option>[39m
                        [36m<option[39m
                          [33mvalue[39m=[32m"Caterpie"[39m
                        [36m>[39m
                          [0mCaterpie[0m
                        [36m</option>[39m
                        [36m<option[39m
                          [33mvalue[39m=[32m"Metapod"[39m
                        [36m>[39m
                          [0mMetapod[0m
                        [36m</option>[39m
                        [36m<option[39m
                          [33mvalue[39m=[32m"Butterfree"[39m
                        [36m>[39m
                          [0mButterfree[0m
                        [36m</option>[39m
                        [36m<option[39m
                          [33mvalue[39m=[32m"Weedle"[39m
                        [36m>[39m
                          [0mWeedle[0m
                        [36m</option>[39m
                        [36m<option[39m
                          [33mvalue[39m=[32m"Kakuna"[39m
                        [36m>[39m
                          [0mKakuna[0m
                        [36m</option>[39m
                        [36m<option[39m
                          [33mvalue[39m=[32m"Beedrill"[39m
                        [36m>[39m
                          [0mBeedrill[0m
                        [36m</option>[39m
                        [36m<option[39m
                          [33mvalue[39m=[32m"Pidgey"[39m
                        [36m>[39m
                          [0mPidgey[0m
                        [36m</option>[39m
                        [36m<option[39m
                          [33mvalue[39m=[32m"Pidgeotto"[39m
                        [36m>[39m
                          [0mPidgeotto[0m
                        [36m</option>[39m
                        [36m<option[39m
                          [33mvalue[39m=[32m"Pidgeot"...

       5 | test("renders the course name somewhere", () => {
       6 |     render(<App />);
    >  7 |     const linkElement = screen.getByText(/CISC275/i);
         |                                ^
       8 |     expect(linkElement).toBeInTheDocument();
       9 | });
      10 |

      at Object.getElementError (node_modules/@testing-library/dom/dist/config.js:38:19)
      at node_modules/@testing-library/dom/dist/query-helpers.js:90:38
      at node_modules/@testing-library/dom/dist/query-helpers.js:62:17
      at getByText (node_modules/@testing-library/dom/dist/query-helpers.js:111:19)
      at Object.<anonymous> (src/App.test.tsx:7:32)
      at TestScheduler.scheduleTests (node_modules/@jest/core/build/TestScheduler.js:333:13)
      at runJest (node_modules/@jest/core/build/runJest.js:404:19)
      at _run10000 (node_modules/@jest/core/build/cli/index.js:320:7)
      at runCLI (node_modules/@jest/core/build/cli/index.js:173:3)

----------------------|---------|----------|---------|---------|--------------------
File                  | % Stmts | % Branch | % Funcs | % Lines | Uncovered Line #s  
----------------------|---------|----------|---------|---------|--------------------
All files             |   16.44 |     2.36 |   27.86 |   16.44 |                    
 src                  |   30.76 |        0 |      25 |   30.76 |                    
  App.tsx             |   30.76 |        0 |      25 |   30.76 | 90-133,145-201,207 
 src/components       |    7.28 |        0 |   25.64 |    7.28 |                    
  CharmInfo.tsx       |      50 |      100 |      50 |      50 | 18                 
  CharmList.tsx       |       0 |        0 |       0 |       0 | 12-48              
  FinalCalcs.tsx      |     2.1 |        0 |       4 |     2.1 | 34-509,516-522     
  GameList.tsx        |      50 |      100 |      50 |      50 | 24                 
  GameSelector.tsx    |     100 |      100 |     100 |     100 |                    
  PokemonSelector.tsx |     100 |      100 |     100 |     100 |                    
 src/interfaces       |     100 |      100 |     100 |     100 |                    
  EncounterMethod.ts  |       0 |        0 |       0 |       0 |                    
  GameData.ts         |       0 |        0 |       0 |       0 |                    
  Pokemon.ts          |       0 |        0 |       0 |       0 |                    
  gameList.ts         |     100 |      100 |     100 |     100 |                    
  sLockInterface.ts   |       0 |        0 |       0 |       0 |                    
----------------------|---------|----------|---------|---------|--------------------
Test Suites: 1 failed, 1 total
Tests:       1 failed, 1 total
Snapshots:   0 total
Time:        5.14 s
Ran all test suites.
